Archive member included because of file (symbol)

c:/program files (x86)/gnu tools arm embedded/__4.9 2015q1/bin/../lib/gcc/arm-none-eabi/4.9.3/../../../../arm-none-eabi/lib/armv7e-m\libg_nano.a(lib_a-exit.o)
                              c:/program files (x86)/gnu tools arm embedded/__4.9 2015q1/bin/../lib/gcc/arm-none-eabi/4.9.3/../../../../arm-none-eabi/lib/armv7e-m/crt0.o (exit)
c:/program files (x86)/gnu tools arm embedded/__4.9 2015q1/bin/../lib/gcc/arm-none-eabi/4.9.3/../../../../arm-none-eabi/lib/armv7e-m\libg_nano.a(lib_a-impure.o)
                              c:/program files (x86)/gnu tools arm embedded/__4.9 2015q1/bin/../lib/gcc/arm-none-eabi/4.9.3/../../../../arm-none-eabi/lib/armv7e-m\libg_nano.a(lib_a-exit.o) (_global_impure_ptr)
c:/program files (x86)/gnu tools arm embedded/__4.9 2015q1/bin/../lib/gcc/arm-none-eabi/4.9.3/../../../../arm-none-eabi/lib/armv7e-m\libg_nano.a(lib_a-init.o)
                              c:/program files (x86)/gnu tools arm embedded/__4.9 2015q1/bin/../lib/gcc/arm-none-eabi/4.9.3/../../../../arm-none-eabi/lib/armv7e-m/crt0.o (__libc_init_array)
c:/program files (x86)/gnu tools arm embedded/__4.9 2015q1/bin/../lib/gcc/arm-none-eabi/4.9.3/../../../../arm-none-eabi/lib/armv7e-m\libg_nano.a(lib_a-memset.o)
                              c:/program files (x86)/gnu tools arm embedded/__4.9 2015q1/bin/../lib/gcc/arm-none-eabi/4.9.3/../../../../arm-none-eabi/lib/armv7e-m/crt0.o (memset)
c:/program files (x86)/gnu tools arm embedded/__4.9 2015q1/bin/../lib/gcc/arm-none-eabi/4.9.3/armv7e-m\libgcc.a(_lshrdi3.o)
                              C:\Users\ezonca\AppData\Local\Temp\ccmQUFa7.ltrans1.ltrans.o (__aeabi_llsr)

Allocating common symbols
Common symbol       size              file

JumpAddress         0x4               ./src/main.o (symbol from plugin)
PageBuffer          0x800             ./src/main.o (symbol from plugin)
PageCRC             0x4               ./src/main.o (symbol from plugin)
PageBufferPtr       0x4               ./src/main.o (symbol from plugin)
PageIndex           0x1               ./src/main.o (symbol from plugin)

Discarded input sections

 .text          0x00000000        0x0 c:/program files (x86)/gnu tools arm embedded/__4.9 2015q1/bin/../lib/gcc/arm-none-eabi/4.9.3/armv7e-m/crti.o
 .data          0x00000000        0x0 c:/program files (x86)/gnu tools arm embedded/__4.9 2015q1/bin/../lib/gcc/arm-none-eabi/4.9.3/armv7e-m/crti.o
 .bss           0x00000000        0x0 c:/program files (x86)/gnu tools arm embedded/__4.9 2015q1/bin/../lib/gcc/arm-none-eabi/4.9.3/armv7e-m/crti.o
 .data          0x00000000        0x4 c:/program files (x86)/gnu tools arm embedded/__4.9 2015q1/bin/../lib/gcc/arm-none-eabi/4.9.3/armv7e-m/crtbegin.o
 .text          0x00000000       0x74 c:/program files (x86)/gnu tools arm embedded/__4.9 2015q1/bin/../lib/gcc/arm-none-eabi/4.9.3/../../../../arm-none-eabi/lib/armv7e-m/crt0.o
 .data          0x00000000        0x0 c:/program files (x86)/gnu tools arm embedded/__4.9 2015q1/bin/../lib/gcc/arm-none-eabi/4.9.3/../../../../arm-none-eabi/lib/armv7e-m/crt0.o
 .bss           0x00000000        0x0 c:/program files (x86)/gnu tools arm embedded/__4.9 2015q1/bin/../lib/gcc/arm-none-eabi/4.9.3/../../../../arm-none-eabi/lib/armv7e-m/crt0.o
 .ARM.extab     0x00000000        0x0 c:/program files (x86)/gnu tools arm embedded/__4.9 2015q1/bin/../lib/gcc/arm-none-eabi/4.9.3/../../../../arm-none-eabi/lib/armv7e-m/crt0.o
 .ARM.exidx     0x00000000        0x8 c:/program files (x86)/gnu tools arm embedded/__4.9 2015q1/bin/../lib/gcc/arm-none-eabi/4.9.3/../../../../arm-none-eabi/lib/armv7e-m/crt0.o
 .ARM.attributes
                0x00000000       0x1c c:/program files (x86)/gnu tools arm embedded/__4.9 2015q1/bin/../lib/gcc/arm-none-eabi/4.9.3/../../../../arm-none-eabi/lib/armv7e-m/crt0.o
 .text          0x00000000        0x0 ./src/main.o (symbol from plugin)
 .text          0x00000000        0x0 C:\Users\ezonca\AppData\Local\Temp\ccmQUFa7.ltrans0.ltrans.o
 .data          0x00000000        0x0 C:\Users\ezonca\AppData\Local\Temp\ccmQUFa7.ltrans0.ltrans.o
 .bss           0x00000000        0x0 C:\Users\ezonca\AppData\Local\Temp\ccmQUFa7.ltrans0.ltrans.o
 .data.AHBPrescTable
                0x00000000       0x10 C:\Users\ezonca\AppData\Local\Temp\ccmQUFa7.ltrans0.ltrans.o
 .text          0x00000000        0x0 C:\Users\ezonca\AppData\Local\Temp\ccmQUFa7.ltrans1.ltrans.o
 .data          0x00000000        0x0 C:\Users\ezonca\AppData\Local\Temp\ccmQUFa7.ltrans1.ltrans.o
 .bss           0x00000000        0x0 C:\Users\ezonca\AppData\Local\Temp\ccmQUFa7.ltrans1.ltrans.o
 .text          0x00000000        0x0 C:\Users\ezonca\AppData\Local\Temp\ccmQUFa7.ltrans2.ltrans.o
 .data          0x00000000        0x0 C:\Users\ezonca\AppData\Local\Temp\ccmQUFa7.ltrans2.ltrans.o
 .bss           0x00000000        0x0 C:\Users\ezonca\AppData\Local\Temp\ccmQUFa7.ltrans2.ltrans.o
 .data          0x00000000        0x0 c:/program files (x86)/gnu tools arm embedded/__4.9 2015q1/bin/../lib/gcc/arm-none-eabi/4.9.3/armv7e-m\libgcc.a(_lshrdi3.o)
 .bss           0x00000000        0x0 c:/program files (x86)/gnu tools arm embedded/__4.9 2015q1/bin/../lib/gcc/arm-none-eabi/4.9.3/armv7e-m\libgcc.a(_lshrdi3.o)
 .text          0x00000000        0x0 ./src/stm32f3xx_it.o (symbol from plugin)
 .text          0x00000000        0x0 ./drivers/STM32F3xx_HAL_Driver/Src/stm32f3xx_hal.o (symbol from plugin)
 .text          0x00000000        0x0 ./drivers/STM32F3xx_HAL_Driver/Src/stm32f3xx_hal_adc.o (symbol from plugin)
 .text          0x00000000        0x0 ./drivers/STM32F3xx_HAL_Driver/Src/stm32f3xx_hal_adc_ex.o (symbol from plugin)
 .text          0x00000000        0x0 ./drivers/STM32F3xx_HAL_Driver/Src/stm32f3xx_hal_can.o (symbol from plugin)
 .text          0x00000000        0x0 ./drivers/STM32F3xx_HAL_Driver/Src/stm32f3xx_hal_cec.o (symbol from plugin)
 .text          0x00000000        0x0 ./drivers/STM32F3xx_HAL_Driver/Src/stm32f3xx_hal_comp.o (symbol from plugin)
 .text          0x00000000        0x0 ./drivers/STM32F3xx_HAL_Driver/Src/stm32f3xx_hal_cortex.o (symbol from plugin)
 .text          0x00000000        0x0 ./drivers/STM32F3xx_HAL_Driver/Src/stm32f3xx_hal_crc.o (symbol from plugin)
 .text          0x00000000        0x0 ./drivers/STM32F3xx_HAL_Driver/Src/stm32f3xx_hal_crc_ex.o (symbol from plugin)
 .text          0x00000000        0x0 ./drivers/STM32F3xx_HAL_Driver/Src/stm32f3xx_hal_dac.o (symbol from plugin)
 .text          0x00000000        0x0 ./drivers/STM32F3xx_HAL_Driver/Src/stm32f3xx_hal_dac_ex.o (symbol from plugin)
 .text          0x00000000        0x0 ./drivers/STM32F3xx_HAL_Driver/Src/stm32f3xx_hal_dma.o (symbol from plugin)
 .text          0x00000000        0x0 ./drivers/STM32F3xx_HAL_Driver/Src/stm32f3xx_hal_flash.o (symbol from plugin)
 .text          0x00000000        0x0 ./drivers/STM32F3xx_HAL_Driver/Src/stm32f3xx_hal_flash_ex.o (symbol from plugin)
 .text          0x00000000        0x0 ./drivers/STM32F3xx_HAL_Driver/Src/stm32f3xx_hal_gpio.o (symbol from plugin)
 .text          0x00000000        0x0 ./drivers/STM32F3xx_HAL_Driver/Src/stm32f3xx_hal_hrtim.o (symbol from plugin)
 .text          0x00000000        0x0 ./drivers/STM32F3xx_HAL_Driver/Src/stm32f3xx_hal_i2c.o (symbol from plugin)
 .text          0x00000000        0x0 ./drivers/STM32F3xx_HAL_Driver/Src/stm32f3xx_hal_i2c_ex.o (symbol from plugin)
 .text          0x00000000        0x0 ./drivers/STM32F3xx_HAL_Driver/Src/stm32f3xx_hal_i2s.o (symbol from plugin)
 .text          0x00000000        0x0 ./drivers/STM32F3xx_HAL_Driver/Src/stm32f3xx_hal_i2s_ex.o (symbol from plugin)
 .text          0x00000000        0x0 ./drivers/STM32F3xx_HAL_Driver/Src/stm32f3xx_hal_irda.o (symbol from plugin)
 .text          0x00000000        0x0 ./drivers/STM32F3xx_HAL_Driver/Src/stm32f3xx_hal_iwdg.o (symbol from plugin)
 .text          0x00000000        0x0 ./drivers/STM32F3xx_HAL_Driver/Src/stm32f3xx_hal_nand.o (symbol from plugin)
 .text          0x00000000        0x0 ./drivers/STM32F3xx_HAL_Driver/Src/stm32f3xx_hal_nor.o (symbol from plugin)
 .text          0x00000000        0x0 ./drivers/STM32F3xx_HAL_Driver/Src/stm32f3xx_hal_opamp.o (symbol from plugin)
 .text          0x00000000        0x0 ./drivers/STM32F3xx_HAL_Driver/Src/stm32f3xx_hal_opamp_ex.o (symbol from plugin)
 .text          0x00000000        0x0 ./drivers/STM32F3xx_HAL_Driver/Src/stm32f3xx_hal_pccard.o (symbol from plugin)
 .text          0x00000000        0x0 ./drivers/STM32F3xx_HAL_Driver/Src/stm32f3xx_hal_pcd.o (symbol from plugin)
 .text          0x00000000        0x0 ./drivers/STM32F3xx_HAL_Driver/Src/stm32f3xx_hal_pcd_ex.o (symbol from plugin)
 .text          0x00000000        0x0 ./drivers/STM32F3xx_HAL_Driver/Src/stm32f3xx_hal_ppp.o (symbol from plugin)
 .text          0x00000000        0x0 ./drivers/STM32F3xx_HAL_Driver/Src/stm32f3xx_hal_pwr.o (symbol from plugin)
 .text          0x00000000        0x0 ./drivers/STM32F3xx_HAL_Driver/Src/stm32f3xx_hal_pwr_ex.o (symbol from plugin)
 .text          0x00000000        0x0 ./drivers/STM32F3xx_HAL_Driver/Src/stm32f3xx_hal_rcc.o (symbol from plugin)
 .text          0x00000000        0x0 ./drivers/STM32F3xx_HAL_Driver/Src/stm32f3xx_hal_rcc_ex.o (symbol from plugin)
 .text          0x00000000        0x0 ./drivers/STM32F3xx_HAL_Driver/Src/stm32f3xx_hal_rtc.o (symbol from plugin)
 .text          0x00000000        0x0 ./drivers/STM32F3xx_HAL_Driver/Src/stm32f3xx_hal_rtc_ex.o (symbol from plugin)
 .text          0x00000000        0x0 ./drivers/STM32F3xx_HAL_Driver/Src/stm32f3xx_hal_sdadc.o (symbol from plugin)
 .text          0x00000000        0x0 ./drivers/STM32F3xx_HAL_Driver/Src/stm32f3xx_hal_smartcard.o (symbol from plugin)
 .text          0x00000000        0x0 ./drivers/STM32F3xx_HAL_Driver/Src/stm32f3xx_hal_smartcard_ex.o (symbol from plugin)
 .text          0x00000000        0x0 ./drivers/STM32F3xx_HAL_Driver/Src/stm32f3xx_hal_smbus.o (symbol from plugin)
 .text          0x00000000        0x0 ./drivers/STM32F3xx_HAL_Driver/Src/stm32f3xx_hal_spi.o (symbol from plugin)
 .text          0x00000000        0x0 ./drivers/STM32F3xx_HAL_Driver/Src/stm32f3xx_hal_sram.o (symbol from plugin)
 .text          0x00000000        0x0 ./drivers/STM32F3xx_HAL_Driver/Src/stm32f3xx_hal_tim.o (symbol from plugin)
 .text          0x00000000        0x0 ./drivers/STM32F3xx_HAL_Driver/Src/stm32f3xx_hal_tim_ex.o (symbol from plugin)
 .text          0x00000000        0x0 ./drivers/STM32F3xx_HAL_Driver/Src/stm32f3xx_hal_tsc.o (symbol from plugin)
 .text          0x00000000        0x0 ./drivers/STM32F3xx_HAL_Driver/Src/stm32f3xx_hal_uart.o (symbol from plugin)
 .text          0x00000000        0x0 ./drivers/STM32F3xx_HAL_Driver/Src/stm32f3xx_hal_uart_ex.o (symbol from plugin)
 .text          0x00000000        0x0 ./drivers/STM32F3xx_HAL_Driver/Src/stm32f3xx_hal_usart.o (symbol from plugin)
 .text          0x00000000        0x0 ./drivers/STM32F3xx_HAL_Driver/Src/stm32f3xx_hal_wwdg.o (symbol from plugin)
 .text          0x00000000        0x0 ./drivers/STM32F3xx_HAL_Driver/Src/stm32f3xx_ll_fmc.o (symbol from plugin)
 .text          0x00000000       0x14 ./drivers/CMSIS/Device/ST/STM32F3xx/Source/Templates/startup_stm32f302x8.o
 .data          0x00000000        0x0 ./drivers/CMSIS/Device/ST/STM32F3xx/Source/Templates/startup_stm32f302x8.o
 .bss           0x00000000        0x0 ./drivers/CMSIS/Device/ST/STM32F3xx/Source/Templates/startup_stm32f302x8.o
 .text          0x00000000        0x0 ./drivers/CMSIS/Device/ST/STM32F3xx/Source/Templates/system_stm32f3xx.o (symbol from plugin)
 .text          0x00000000        0x0 c:/program files (x86)/gnu tools arm embedded/__4.9 2015q1/bin/../lib/gcc/arm-none-eabi/4.9.3/../../../../arm-none-eabi/lib/armv7e-m\libg_nano.a(lib_a-exit.o)
 .data          0x00000000        0x0 c:/program files (x86)/gnu tools arm embedded/__4.9 2015q1/bin/../lib/gcc/arm-none-eabi/4.9.3/../../../../arm-none-eabi/lib/armv7e-m\libg_nano.a(lib_a-exit.o)
 .bss           0x00000000        0x0 c:/program files (x86)/gnu tools arm embedded/__4.9 2015q1/bin/../lib/gcc/arm-none-eabi/4.9.3/../../../../arm-none-eabi/lib/armv7e-m\libg_nano.a(lib_a-exit.o)
 .text.exit     0x00000000       0x28 c:/program files (x86)/gnu tools arm embedded/__4.9 2015q1/bin/../lib/gcc/arm-none-eabi/4.9.3/../../../../arm-none-eabi/lib/armv7e-m\libg_nano.a(lib_a-exit.o)
 .debug_frame   0x00000000       0x28 c:/program files (x86)/gnu tools arm embedded/__4.9 2015q1/bin/../lib/gcc/arm-none-eabi/4.9.3/../../../../arm-none-eabi/lib/armv7e-m\libg_nano.a(lib_a-exit.o)
 .ARM.attributes
                0x00000000       0x2e c:/program files (x86)/gnu tools arm embedded/__4.9 2015q1/bin/../lib/gcc/arm-none-eabi/4.9.3/../../../../arm-none-eabi/lib/armv7e-m\libg_nano.a(lib_a-exit.o)
 .text          0x00000000        0x0 c:/program files (x86)/gnu tools arm embedded/__4.9 2015q1/bin/../lib/gcc/arm-none-eabi/4.9.3/../../../../arm-none-eabi/lib/armv7e-m\libg_nano.a(lib_a-impure.o)
 .data          0x00000000        0x0 c:/program files (x86)/gnu tools arm embedded/__4.9 2015q1/bin/../lib/gcc/arm-none-eabi/4.9.3/../../../../arm-none-eabi/lib/armv7e-m\libg_nano.a(lib_a-impure.o)
 .bss           0x00000000        0x0 c:/program files (x86)/gnu tools arm embedded/__4.9 2015q1/bin/../lib/gcc/arm-none-eabi/4.9.3/../../../../arm-none-eabi/lib/armv7e-m\libg_nano.a(lib_a-impure.o)
 .data.impure_data
                0x00000000       0x60 c:/program files (x86)/gnu tools arm embedded/__4.9 2015q1/bin/../lib/gcc/arm-none-eabi/4.9.3/../../../../arm-none-eabi/lib/armv7e-m\libg_nano.a(lib_a-impure.o)
 .data._impure_ptr
                0x00000000        0x4 c:/program files (x86)/gnu tools arm embedded/__4.9 2015q1/bin/../lib/gcc/arm-none-eabi/4.9.3/../../../../arm-none-eabi/lib/armv7e-m\libg_nano.a(lib_a-impure.o)
 .rodata.str1.1
                0x00000000        0x2 c:/program files (x86)/gnu tools arm embedded/__4.9 2015q1/bin/../lib/gcc/arm-none-eabi/4.9.3/../../../../arm-none-eabi/lib/armv7e-m\libg_nano.a(lib_a-impure.o)
 .rodata._global_impure_ptr
                0x00000000        0x4 c:/program files (x86)/gnu tools arm embedded/__4.9 2015q1/bin/../lib/gcc/arm-none-eabi/4.9.3/../../../../arm-none-eabi/lib/armv7e-m\libg_nano.a(lib_a-impure.o)
 .ARM.attributes
                0x00000000       0x2e c:/program files (x86)/gnu tools arm embedded/__4.9 2015q1/bin/../lib/gcc/arm-none-eabi/4.9.3/../../../../arm-none-eabi/lib/armv7e-m\libg_nano.a(lib_a-impure.o)
 .text          0x00000000        0x0 c:/program files (x86)/gnu tools arm embedded/__4.9 2015q1/bin/../lib/gcc/arm-none-eabi/4.9.3/../../../../arm-none-eabi/lib/armv7e-m\libg_nano.a(lib_a-init.o)
 .data          0x00000000        0x0 c:/program files (x86)/gnu tools arm embedded/__4.9 2015q1/bin/../lib/gcc/arm-none-eabi/4.9.3/../../../../arm-none-eabi/lib/armv7e-m\libg_nano.a(lib_a-init.o)
 .bss           0x00000000        0x0 c:/program files (x86)/gnu tools arm embedded/__4.9 2015q1/bin/../lib/gcc/arm-none-eabi/4.9.3/../../../../arm-none-eabi/lib/armv7e-m\libg_nano.a(lib_a-init.o)
 .text          0x00000000        0x0 c:/program files (x86)/gnu tools arm embedded/__4.9 2015q1/bin/../lib/gcc/arm-none-eabi/4.9.3/../../../../arm-none-eabi/lib/armv7e-m\libg_nano.a(lib_a-memset.o)
 .data          0x00000000        0x0 c:/program files (x86)/gnu tools arm embedded/__4.9 2015q1/bin/../lib/gcc/arm-none-eabi/4.9.3/../../../../arm-none-eabi/lib/armv7e-m\libg_nano.a(lib_a-memset.o)
 .bss           0x00000000        0x0 c:/program files (x86)/gnu tools arm embedded/__4.9 2015q1/bin/../lib/gcc/arm-none-eabi/4.9.3/../../../../arm-none-eabi/lib/armv7e-m\libg_nano.a(lib_a-memset.o)
 .text.memset   0x00000000       0x10 c:/program files (x86)/gnu tools arm embedded/__4.9 2015q1/bin/../lib/gcc/arm-none-eabi/4.9.3/../../../../arm-none-eabi/lib/armv7e-m\libg_nano.a(lib_a-memset.o)
 .debug_frame   0x00000000       0x20 c:/program files (x86)/gnu tools arm embedded/__4.9 2015q1/bin/../lib/gcc/arm-none-eabi/4.9.3/../../../../arm-none-eabi/lib/armv7e-m\libg_nano.a(lib_a-memset.o)
 .ARM.attributes
                0x00000000       0x2e c:/program files (x86)/gnu tools arm embedded/__4.9 2015q1/bin/../lib/gcc/arm-none-eabi/4.9.3/../../../../arm-none-eabi/lib/armv7e-m\libg_nano.a(lib_a-memset.o)
 .text          0x00000000        0x0 c:/program files (x86)/gnu tools arm embedded/__4.9 2015q1/bin/../lib/gcc/arm-none-eabi/4.9.3/armv7e-m/crtend.o
 .data          0x00000000        0x0 c:/program files (x86)/gnu tools arm embedded/__4.9 2015q1/bin/../lib/gcc/arm-none-eabi/4.9.3/armv7e-m/crtend.o
 .bss           0x00000000        0x0 c:/program files (x86)/gnu tools arm embedded/__4.9 2015q1/bin/../lib/gcc/arm-none-eabi/4.9.3/armv7e-m/crtend.o
 .eh_frame      0x00000000        0x4 c:/program files (x86)/gnu tools arm embedded/__4.9 2015q1/bin/../lib/gcc/arm-none-eabi/4.9.3/armv7e-m/crtend.o
 .jcr           0x00000000        0x4 c:/program files (x86)/gnu tools arm embedded/__4.9 2015q1/bin/../lib/gcc/arm-none-eabi/4.9.3/armv7e-m/crtend.o
 .ARM.attributes
                0x00000000       0x2e c:/program files (x86)/gnu tools arm embedded/__4.9 2015q1/bin/../lib/gcc/arm-none-eabi/4.9.3/armv7e-m/crtend.o
 .text          0x00000000        0x0 c:/program files (x86)/gnu tools arm embedded/__4.9 2015q1/bin/../lib/gcc/arm-none-eabi/4.9.3/armv7e-m/crtn.o
 .data          0x00000000        0x0 c:/program files (x86)/gnu tools arm embedded/__4.9 2015q1/bin/../lib/gcc/arm-none-eabi/4.9.3/armv7e-m/crtn.o
 .bss           0x00000000        0x0 c:/program files (x86)/gnu tools arm embedded/__4.9 2015q1/bin/../lib/gcc/arm-none-eabi/4.9.3/armv7e-m/crtn.o

Memory Configuration

Name             Origin             Length             Attributes
FLASH            0x08000000         0x00001800         xr
RAM              0x20000000         0x00004000         xrw
*default*        0x00000000         0xffffffff

Linker script and memory map

LOAD c:/program files (x86)/gnu tools arm embedded/__4.9 2015q1/bin/../lib/gcc/arm-none-eabi/4.9.3/armv7e-m/crti.o
LOAD c:/program files (x86)/gnu tools arm embedded/__4.9 2015q1/bin/../lib/gcc/arm-none-eabi/4.9.3/armv7e-m/crtbegin.o
LOAD c:/program files (x86)/gnu tools arm embedded/__4.9 2015q1/bin/../lib/gcc/arm-none-eabi/4.9.3/../../../../arm-none-eabi/lib/armv7e-m/crt0.o
LOAD ./src/main.o
LOAD C:\Users\ezonca\AppData\Local\Temp\ccmQUFa7.ltrans0.ltrans.o
LOAD C:\Users\ezonca\AppData\Local\Temp\ccmQUFa7.ltrans1.ltrans.o
LOAD C:\Users\ezonca\AppData\Local\Temp\ccmQUFa7.ltrans2.ltrans.o
LOAD c:/program files (x86)/gnu tools arm embedded/__4.9 2015q1/bin/../lib/gcc/arm-none-eabi/4.9.3/armv7e-m\libgcc.a
LOAD c:/program files (x86)/gnu tools arm embedded/__4.9 2015q1/bin/../lib/gcc/arm-none-eabi/4.9.3/../../../../arm-none-eabi/lib/armv7e-m\libg_nano.a
LOAD c:/program files (x86)/gnu tools arm embedded/__4.9 2015q1/bin/../lib/gcc/arm-none-eabi/4.9.3/../../../../arm-none-eabi/lib/armv7e-m\libc_nano.a
LOAD c:/program files (x86)/gnu tools arm embedded/__4.9 2015q1/bin/../lib/gcc/arm-none-eabi/4.9.3/armv7e-m\libgcc.a
LOAD c:/program files (x86)/gnu tools arm embedded/__4.9 2015q1/bin/../lib/gcc/arm-none-eabi/4.9.3/../../../../arm-none-eabi/lib/armv7e-m\libc_nano.a
LOAD ./src/stm32f3xx_it.o
LOAD ./drivers/STM32F3xx_HAL_Driver/Src/stm32f3xx_hal.o
LOAD ./drivers/STM32F3xx_HAL_Driver/Src/stm32f3xx_hal_adc.o
LOAD ./drivers/STM32F3xx_HAL_Driver/Src/stm32f3xx_hal_adc_ex.o
LOAD ./drivers/STM32F3xx_HAL_Driver/Src/stm32f3xx_hal_can.o
LOAD ./drivers/STM32F3xx_HAL_Driver/Src/stm32f3xx_hal_cec.o
LOAD ./drivers/STM32F3xx_HAL_Driver/Src/stm32f3xx_hal_comp.o
LOAD ./drivers/STM32F3xx_HAL_Driver/Src/stm32f3xx_hal_cortex.o
LOAD ./drivers/STM32F3xx_HAL_Driver/Src/stm32f3xx_hal_crc.o
LOAD ./drivers/STM32F3xx_HAL_Driver/Src/stm32f3xx_hal_crc_ex.o
LOAD ./drivers/STM32F3xx_HAL_Driver/Src/stm32f3xx_hal_dac.o
LOAD ./drivers/STM32F3xx_HAL_Driver/Src/stm32f3xx_hal_dac_ex.o
LOAD ./drivers/STM32F3xx_HAL_Driver/Src/stm32f3xx_hal_dma.o
LOAD ./drivers/STM32F3xx_HAL_Driver/Src/stm32f3xx_hal_flash.o
LOAD ./drivers/STM32F3xx_HAL_Driver/Src/stm32f3xx_hal_flash_ex.o
LOAD ./drivers/STM32F3xx_HAL_Driver/Src/stm32f3xx_hal_gpio.o
LOAD ./drivers/STM32F3xx_HAL_Driver/Src/stm32f3xx_hal_hrtim.o
LOAD ./drivers/STM32F3xx_HAL_Driver/Src/stm32f3xx_hal_i2c.o
LOAD ./drivers/STM32F3xx_HAL_Driver/Src/stm32f3xx_hal_i2c_ex.o
LOAD ./drivers/STM32F3xx_HAL_Driver/Src/stm32f3xx_hal_i2s.o
LOAD ./drivers/STM32F3xx_HAL_Driver/Src/stm32f3xx_hal_i2s_ex.o
LOAD ./drivers/STM32F3xx_HAL_Driver/Src/stm32f3xx_hal_irda.o
LOAD ./drivers/STM32F3xx_HAL_Driver/Src/stm32f3xx_hal_iwdg.o
LOAD ./drivers/STM32F3xx_HAL_Driver/Src/stm32f3xx_hal_nand.o
LOAD ./drivers/STM32F3xx_HAL_Driver/Src/stm32f3xx_hal_nor.o
LOAD ./drivers/STM32F3xx_HAL_Driver/Src/stm32f3xx_hal_opamp.o
LOAD ./drivers/STM32F3xx_HAL_Driver/Src/stm32f3xx_hal_opamp_ex.o
LOAD ./drivers/STM32F3xx_HAL_Driver/Src/stm32f3xx_hal_pccard.o
LOAD ./drivers/STM32F3xx_HAL_Driver/Src/stm32f3xx_hal_pcd.o
LOAD ./drivers/STM32F3xx_HAL_Driver/Src/stm32f3xx_hal_pcd_ex.o
LOAD ./drivers/STM32F3xx_HAL_Driver/Src/stm32f3xx_hal_ppp.o
LOAD ./drivers/STM32F3xx_HAL_Driver/Src/stm32f3xx_hal_pwr.o
LOAD ./drivers/STM32F3xx_HAL_Driver/Src/stm32f3xx_hal_pwr_ex.o
LOAD ./drivers/STM32F3xx_HAL_Driver/Src/stm32f3xx_hal_rcc.o
LOAD ./drivers/STM32F3xx_HAL_Driver/Src/stm32f3xx_hal_rcc_ex.o
LOAD ./drivers/STM32F3xx_HAL_Driver/Src/stm32f3xx_hal_rtc.o
LOAD ./drivers/STM32F3xx_HAL_Driver/Src/stm32f3xx_hal_rtc_ex.o
LOAD ./drivers/STM32F3xx_HAL_Driver/Src/stm32f3xx_hal_sdadc.o
LOAD ./drivers/STM32F3xx_HAL_Driver/Src/stm32f3xx_hal_smartcard.o
LOAD ./drivers/STM32F3xx_HAL_Driver/Src/stm32f3xx_hal_smartcard_ex.o
LOAD ./drivers/STM32F3xx_HAL_Driver/Src/stm32f3xx_hal_smbus.o
LOAD ./drivers/STM32F3xx_HAL_Driver/Src/stm32f3xx_hal_spi.o
LOAD ./drivers/STM32F3xx_HAL_Driver/Src/stm32f3xx_hal_sram.o
LOAD ./drivers/STM32F3xx_HAL_Driver/Src/stm32f3xx_hal_tim.o
LOAD ./drivers/STM32F3xx_HAL_Driver/Src/stm32f3xx_hal_tim_ex.o
LOAD ./drivers/STM32F3xx_HAL_Driver/Src/stm32f3xx_hal_tsc.o
LOAD ./drivers/STM32F3xx_HAL_Driver/Src/stm32f3xx_hal_uart.o
LOAD ./drivers/STM32F3xx_HAL_Driver/Src/stm32f3xx_hal_uart_ex.o
LOAD ./drivers/STM32F3xx_HAL_Driver/Src/stm32f3xx_hal_usart.o
LOAD ./drivers/STM32F3xx_HAL_Driver/Src/stm32f3xx_hal_wwdg.o
LOAD ./drivers/STM32F3xx_HAL_Driver/Src/stm32f3xx_ll_fmc.o
LOAD ./drivers/CMSIS/Device/ST/STM32F3xx/Source/Templates/startup_stm32f302x8.o
LOAD ./drivers/CMSIS/Device/ST/STM32F3xx/Source/Templates/system_stm32f3xx.o
LOAD c:/program files (x86)/gnu tools arm embedded/__4.9 2015q1/bin/../lib/gcc/arm-none-eabi/4.9.3/../../../../arm-none-eabi/lib/armv7e-m\libstdc++_nano.a
LOAD c:/program files (x86)/gnu tools arm embedded/__4.9 2015q1/bin/../lib/gcc/arm-none-eabi/4.9.3/../../../../arm-none-eabi/lib/armv7e-m\libm.a
START GROUP
LOAD c:/program files (x86)/gnu tools arm embedded/__4.9 2015q1/bin/../lib/gcc/arm-none-eabi/4.9.3/armv7e-m\libgcc.a
LOAD c:/program files (x86)/gnu tools arm embedded/__4.9 2015q1/bin/../lib/gcc/arm-none-eabi/4.9.3/../../../../arm-none-eabi/lib/armv7e-m\libg_nano.a
LOAD c:/program files (x86)/gnu tools arm embedded/__4.9 2015q1/bin/../lib/gcc/arm-none-eabi/4.9.3/../../../../arm-none-eabi/lib/armv7e-m\libc_nano.a
END GROUP
START GROUP
LOAD c:/program files (x86)/gnu tools arm embedded/__4.9 2015q1/bin/../lib/gcc/arm-none-eabi/4.9.3/armv7e-m\libgcc.a
LOAD c:/program files (x86)/gnu tools arm embedded/__4.9 2015q1/bin/../lib/gcc/arm-none-eabi/4.9.3/../../../../arm-none-eabi/lib/armv7e-m\libc_nano.a
END GROUP
LOAD c:/program files (x86)/gnu tools arm embedded/__4.9 2015q1/bin/../lib/gcc/arm-none-eabi/4.9.3/armv7e-m/crtend.o
LOAD c:/program files (x86)/gnu tools arm embedded/__4.9 2015q1/bin/../lib/gcc/arm-none-eabi/4.9.3/armv7e-m/crtn.o
                0x20004000                _estack = 0x20004000
                0x00000000                _Min_Heap_Size = 0x0
                0x00000400                _Min_Stack_Size = 0x400

.isr_vector     0x08000000      0x188
                0x08000000                . = ALIGN (0x4)
 *(.isr_vector)
 .isr_vector    0x08000000      0x188 ./drivers/CMSIS/Device/ST/STM32F3xx/Source/Templates/startup_stm32f302x8.o
                0x08000000                g_pfnVectors
                0x08000188                . = ALIGN (0x4)

.text           0x08000188     0x11e0
                0x08000188                . = ALIGN (0x4)
 *(.text)
 .text          0x08000188       0x5c c:/program files (x86)/gnu tools arm embedded/__4.9 2015q1/bin/../lib/gcc/arm-none-eabi/4.9.3/armv7e-m/crtbegin.o
 .text          0x080001e4       0x18 c:/program files (x86)/gnu tools arm embedded/__4.9 2015q1/bin/../lib/gcc/arm-none-eabi/4.9.3/armv7e-m\libgcc.a(_lshrdi3.o)
                0x080001e4                __lshrdi3
                0x080001e4                __aeabi_llsr
 *(.text*)
 .text.CAN_SCE_IRQHandler
                0x080001fc        0x4 C:\Users\ezonca\AppData\Local\Temp\ccmQUFa7.ltrans0.ltrans.o
                0x080001fc                CAN_SCE_IRQHandler
 .text.CAN_RX1_IRQHandler
                0x08000200        0x4 C:\Users\ezonca\AppData\Local\Temp\ccmQUFa7.ltrans0.ltrans.o
                0x08000200                CAN_RX1_IRQHandler
 .text.USB_LP_CAN_RX0_IRQHandler
                0x08000204        0x4 C:\Users\ezonca\AppData\Local\Temp\ccmQUFa7.ltrans0.ltrans.o
                0x08000204                USB_LP_CAN_RX0_IRQHandler
 .text.USB_HP_CAN_TX_IRQHandler
                0x08000208        0x4 C:\Users\ezonca\AppData\Local\Temp\ccmQUFa7.ltrans0.ltrans.o
                0x08000208                USB_HP_CAN_TX_IRQHandler
 .text.SysTick_Handler
                0x0800020c       0x10 C:\Users\ezonca\AppData\Local\Temp\ccmQUFa7.ltrans0.ltrans.o
                0x0800020c                SysTick_Handler
 .text.TransmitResponsePacket
                0x0800021c      0x138 C:\Users\ezonca\AppData\Local\Temp\ccmQUFa7.ltrans0.ltrans.o
                0x0800021c                TransmitResponsePacket
 .text.JumpToApplication
                0x08000354       0x38 C:\Users\ezonca\AppData\Local\Temp\ccmQUFa7.ltrans0.ltrans.o
                0x08000354                JumpToApplication
 .text.startup.main
                0x0800038c      0x618 C:\Users\ezonca\AppData\Local\Temp\ccmQUFa7.ltrans0.ltrans.o
                0x0800038c                main
 .text.CAN_Receive_IT.constprop.3
                0x080009a4      0x428 C:\Users\ezonca\AppData\Local\Temp\ccmQUFa7.ltrans1.ltrans.o
 .text.HAL_CAN_IRQHandler.constprop.0
                0x08000dcc      0x190 C:\Users\ezonca\AppData\Local\Temp\ccmQUFa7.ltrans1.ltrans.o
                0x08000dcc                HAL_CAN_IRQHandler.constprop.0
 .text.SystemInit
                0x08000f5c       0x5c C:\Users\ezonca\AppData\Local\Temp\ccmQUFa7.ltrans1.ltrans.o
                0x08000f5c                SystemInit
 .text.HAL_RCC_GetHCLKFreq
                0x08000fb8       0x94 C:\Users\ezonca\AppData\Local\Temp\ccmQUFa7.ltrans1.ltrans.o
                0x08000fb8                HAL_RCC_GetHCLKFreq
 .text.HAL_NVIC_SetPriority.constprop.31
                0x0800104c       0x30 C:\Users\ezonca\AppData\Local\Temp\ccmQUFa7.ltrans2.ltrans.o
                0x0800104c                HAL_NVIC_SetPriority.constprop.31
 .text.HAL_InitTick.constprop.29
                0x0800107c       0x40 C:\Users\ezonca\AppData\Local\Temp\ccmQUFa7.ltrans2.ltrans.o
                0x0800107c                HAL_InitTick.constprop.29
 .text.HAL_GPIO_Init.constprop.23
                0x080010bc      0x124 C:\Users\ezonca\AppData\Local\Temp\ccmQUFa7.ltrans2.ltrans.o
                0x080010bc                HAL_GPIO_Init.constprop.23
 .text.HAL_CAN_Receive_IT.constprop.15
                0x080011e0       0x78 C:\Users\ezonca\AppData\Local\Temp\ccmQUFa7.ltrans2.ltrans.o
                0x080011e0                HAL_CAN_Receive_IT.constprop.15
 .text.FLASH_WaitForLastOperation.constprop.14
                0x08001258       0x58 C:\Users\ezonca\AppData\Local\Temp\ccmQUFa7.ltrans2.ltrans.o
                0x08001258                FLASH_WaitForLastOperation.constprop.14
 .text.Reset_Handler
                0x080012b0       0x50 ./drivers/CMSIS/Device/ST/STM32F3xx/Source/Templates/startup_stm32f302x8.o
                0x080012b0                Reset_Handler
 .text.Default_Handler
                0x08001300        0x2 ./drivers/CMSIS/Device/ST/STM32F3xx/Source/Templates/startup_stm32f302x8.o
                0x08001300                RTC_Alarm_IRQHandler
                0x08001300                DebugMon_Handler
                0x08001300                TIM1_CC_IRQHandler
                0x08001300                HardFault_Handler
                0x08001300                USB_HP_IRQHandler
                0x08001300                PVD_IRQHandler
                0x08001300                TAMP_STAMP_IRQHandler
                0x08001300                PendSV_Handler
                0x08001300                NMI_Handler
                0x08001300                EXTI3_IRQHandler
                0x08001300                I2C3_ER_IRQHandler
                0x08001300                EXTI0_IRQHandler
                0x08001300                I2C2_EV_IRQHandler
                0x08001300                FPU_IRQHandler
                0x08001300                TIM1_UP_TIM16_IRQHandler
                0x08001300                UsageFault_Handler
                0x08001300                TIM6_DAC_IRQHandler
                0x08001300                DMA1_Channel4_IRQHandler
                0x08001300                ADC1_IRQHandler
                0x08001300                USART3_IRQHandler
                0x08001300                DMA1_Channel7_IRQHandler
                0x08001300                I2C1_EV_IRQHandler
                0x08001300                DMA1_Channel6_IRQHandler
                0x08001300                RCC_IRQHandler
                0x08001300                DMA1_Channel1_IRQHandler
                0x08001300                Default_Handler
                0x08001300                USBWakeUp_RMP_IRQHandler
                0x08001300                EXTI15_10_IRQHandler
                0x08001300                COMP2_IRQHandler
                0x08001300                I2C3_EV_IRQHandler
                0x08001300                EXTI9_5_IRQHandler
                0x08001300                RTC_WKUP_IRQHandler
                0x08001300                SPI2_IRQHandler
                0x08001300                MemManage_Handler
                0x08001300                SVC_Handler
                0x08001300                DMA1_Channel5_IRQHandler
                0x08001300                USB_LP_IRQHandler
                0x08001300                EXTI4_IRQHandler
                0x08001300                TIM1_TRG_COM_TIM17_IRQHandler
                0x08001300                DMA1_Channel3_IRQHandler
                0x08001300                WWDG_IRQHandler
                0x08001300                TIM2_IRQHandler
                0x08001300                EXTI1_IRQHandler
                0x08001300                COMP4_6_IRQHandler
                0x08001300                USART2_IRQHandler
                0x08001300                I2C2_ER_IRQHandler
                0x08001300                DMA1_Channel2_IRQHandler
                0x08001300                FLASH_IRQHandler
                0x08001300                BusFault_Handler
                0x08001300                USART1_IRQHandler
                0x08001300                SPI3_IRQHandler
                0x08001300                I2C1_ER_IRQHandler
                0x08001300                USBWakeUp_IRQHandler
                0x08001300                EXTI2_TSC_IRQHandler
                0x08001300                TIM1_BRK_TIM15_IRQHandler
 *fill*         0x08001302        0x2 
 .text.__libc_init_array
                0x08001304       0x4c c:/program files (x86)/gnu tools arm embedded/__4.9 2015q1/bin/../lib/gcc/arm-none-eabi/4.9.3/../../../../arm-none-eabi/lib/armv7e-m\libg_nano.a(lib_a-init.o)
                0x08001304                __libc_init_array
 *(.glue_7)
 .glue_7        0x00000000        0x0 linker stubs
 *(.glue_7t)
 .glue_7t       0x00000000        0x0 linker stubs
 *(.eh_frame)
 .eh_frame      0x08001350        0x0 c:/program files (x86)/gnu tools arm embedded/__4.9 2015q1/bin/../lib/gcc/arm-none-eabi/4.9.3/armv7e-m/crtbegin.o
 *(.init)
 .init          0x08001350        0x4 c:/program files (x86)/gnu tools arm embedded/__4.9 2015q1/bin/../lib/gcc/arm-none-eabi/4.9.3/armv7e-m/crti.o
                0x08001350                _init
 .init          0x08001354        0x8 c:/program files (x86)/gnu tools arm embedded/__4.9 2015q1/bin/../lib/gcc/arm-none-eabi/4.9.3/armv7e-m/crtn.o
 *(.fini)
 .fini          0x0800135c        0x4 c:/program files (x86)/gnu tools arm embedded/__4.9 2015q1/bin/../lib/gcc/arm-none-eabi/4.9.3/armv7e-m/crti.o
                0x0800135c                _fini
 .fini          0x08001360        0x8 c:/program files (x86)/gnu tools arm embedded/__4.9 2015q1/bin/../lib/gcc/arm-none-eabi/4.9.3/armv7e-m/crtn.o
                0x08001368                . = ALIGN (0x4)
                0x08001368                _etext = .

.vfp11_veneer   0x08001368        0x0
 .vfp11_veneer  0x00000000        0x0 linker stubs

.v4_bx          0x08001368        0x0
 .v4_bx         0x00000000        0x0 linker stubs

.iplt           0x08001368        0x0
 .iplt          0x00000000        0x0 c:/program files (x86)/gnu tools arm embedded/__4.9 2015q1/bin/../lib/gcc/arm-none-eabi/4.9.3/armv7e-m/crtbegin.o

.rodata         0x08001368       0x30
                0x08001368                . = ALIGN (0x4)
 *(.rodata)
 *(.rodata*)
 .rodata.APBAHBPrescTable
                0x08001368       0x10 C:\Users\ezonca\AppData\Local\Temp\ccmQUFa7.ltrans1.ltrans.o
 .rodata.PredivFactorTable
                0x08001378       0x10 C:\Users\ezonca\AppData\Local\Temp\ccmQUFa7.ltrans1.ltrans.o
 .rodata.PLLMULFactorTable
                0x08001388       0x10 C:\Users\ezonca\AppData\Local\Temp\ccmQUFa7.ltrans1.ltrans.o
                0x08001398                . = ALIGN (0x4)

.rel.dyn        0x08001398        0x0
 .rel.iplt      0x00000000        0x0 c:/program files (x86)/gnu tools arm embedded/__4.9 2015q1/bin/../lib/gcc/arm-none-eabi/4.9.3/armv7e-m/crtbegin.o

.ARM.extab
 *(.ARM.extab* .gnu.linkonce.armextab.*)

.ARM            0x08001398        0x0
                0x08001398                __exidx_start = .
 *(.ARM.exidx*)
                0x08001398                __exidx_end = .

.preinit_array  0x08001398        0x0
                0x08001398                PROVIDE (__preinit_array_start, .)
 *(.preinit_array*)
                0x08001398                PROVIDE (__preinit_array_end, .)

.init_array     0x08001398        0x4
                0x08001398                PROVIDE (__init_array_start, .)
 *(SORT(.init_array.*))
 *(.init_array*)
 .init_array    0x08001398        0x4 c:/program files (x86)/gnu tools arm embedded/__4.9 2015q1/bin/../lib/gcc/arm-none-eabi/4.9.3/armv7e-m/crtbegin.o
                0x0800139c                PROVIDE (__init_array_end, .)

.fini_array     0x0800139c        0x4
                0x0800139c                PROVIDE (__fini_array_start, .)
 *(SORT(.fini_array.*))
 *(.fini_array*)
 .fini_array    0x0800139c        0x4 c:/program files (x86)/gnu tools arm embedded/__4.9 2015q1/bin/../lib/gcc/arm-none-eabi/4.9.3/armv7e-m/crtbegin.o
                0x080013a0                PROVIDE (__fini_array_end, .)
                0x080013a0                _sidata = LOADADDR (.data)

.data           0x20000000        0x4 load address 0x080013a0
                0x20000000                . = ALIGN (0x4)
                0x20000000                _sdata = .
 *(.data)
 *(.data*)
 .data.SystemCoreClock
                0x20000000        0x4 C:\Users\ezonca\AppData\Local\Temp\ccmQUFa7.ltrans1.ltrans.o
                0x20000004                . = ALIGN (0x4)
                0x20000004                _edata = .

.jcr            0x20000004        0x0 load address 0x080013a4
 .jcr           0x20000004        0x0 c:/program files (x86)/gnu tools arm embedded/__4.9 2015q1/bin/../lib/gcc/arm-none-eabi/4.9.3/armv7e-m/crtbegin.o

.igot.plt       0x20000004        0x0 load address 0x080013a4
 .igot.plt      0x00000000        0x0 c:/program files (x86)/gnu tools arm embedded/__4.9 2015q1/bin/../lib/gcc/arm-none-eabi/4.9.3/armv7e-m/crtbegin.o
                0x20000004                . = ALIGN (0x4)

.bss            0x20000008      0x930 load address 0x080013a4
                0x20000008                _sbss = .
                0x20000008                __bss_start__ = _sbss
 *(.bss)
 .bss           0x20000008       0x1c c:/program files (x86)/gnu tools arm embedded/__4.9 2015q1/bin/../lib/gcc/arm-none-eabi/4.9.3/armv7e-m/crtbegin.o
 *(.bss*)
 .bss.canTxMessage
                0x20000024       0x34 C:\Users\ezonca\AppData\Local\Temp\ccmQUFa7.ltrans0.ltrans.o
 .bss.canRxMessage
                0x20000058       0x3c C:\Users\ezonca\AppData\Local\Temp\ccmQUFa7.ltrans0.ltrans.o
 .bss.JumpAddress
                0x20000094        0x4 C:\Users\ezonca\AppData\Local\Temp\ccmQUFa7.ltrans0.ltrans.o
 .bss.hcrc      0x20000098       0x24 C:\Users\ezonca\AppData\Local\Temp\ccmQUFa7.ltrans1.ltrans.o
                0x20000098                hcrc
 .bss.PageBufferPtr
                0x200000bc        0x4 C:\Users\ezonca\AppData\Local\Temp\ccmQUFa7.ltrans1.ltrans.o
 .bss.eraseInitStruct
                0x200000c0        0xc C:\Users\ezonca\AppData\Local\Temp\ccmQUFa7.ltrans1.ltrans.o
 .bss.PageCRC   0x200000cc        0x4 C:\Users\ezonca\AppData\Local\Temp\ccmQUFa7.ltrans1.ltrans.o
 .bss.PageIndex
                0x200000d0        0x1 C:\Users\ezonca\AppData\Local\Temp\ccmQUFa7.ltrans1.ltrans.o
 .bss.blState   0x200000d1        0x1 C:\Users\ezonca\AppData\Local\Temp\ccmQUFa7.ltrans1.ltrans.o
                0x200000d1                blState
 .bss.PageBuffer
                0x200000d2      0x800 C:\Users\ezonca\AppData\Local\Temp\ccmQUFa7.ltrans1.ltrans.o
 *fill*         0x200008d2        0x6 
 .bss.pFlash    0x200008d8       0x20 C:\Users\ezonca\AppData\Local\Temp\ccmQUFa7.ltrans2.ltrans.o
                0x200008d8                pFlash
 .bss.hcan      0x200008f8       0x3c C:\Users\ezonca\AppData\Local\Temp\ccmQUFa7.ltrans2.ltrans.o
                0x200008f8                hcan
 .bss.uwTick.lto_priv.35
                0x20000934        0x4 C:\Users\ezonca\AppData\Local\Temp\ccmQUFa7.ltrans2.ltrans.o
                0x20000934                uwTick.lto_priv.35
 *(COMMON)
                0x20000938                . = ALIGN (0x4)
                0x20000938                _ebss = .
                0x20000938                __bss_end__ = _ebss

._user_heap_stack
                0x20000938      0x400 load address 0x080013a4
                0x20000938                . = ALIGN (0x4)
                0x20000938                PROVIDE (end, .)
                0x20000938                PROVIDE (_end, .)
                0x20000938                . = (. + _Min_Heap_Size)
                0x20000d38                . = (. + _Min_Stack_Size)
 *fill*         0x20000938      0x400 
                0x20000d38                . = ALIGN (0x4)

/DISCARD/
 libc.a(*)
 libm.a(*)
 libgcc.a(*)

.ARM.attributes
                0x00000000       0x2a
 *(.ARM.attributes)
 .ARM.attributes
                0x00000000       0x1e c:/program files (x86)/gnu tools arm embedded/__4.9 2015q1/bin/../lib/gcc/arm-none-eabi/4.9.3/armv7e-m/crti.o
 .ARM.attributes
                0x0000001e       0x2e c:/program files (x86)/gnu tools arm embedded/__4.9 2015q1/bin/../lib/gcc/arm-none-eabi/4.9.3/armv7e-m/crtbegin.o
 .ARM.attributes
                0x0000004c       0x31 C:\Users\ezonca\AppData\Local\Temp\ccmQUFa7.ltrans0.ltrans.o
 .ARM.attributes
                0x0000007d       0x31 C:\Users\ezonca\AppData\Local\Temp\ccmQUFa7.ltrans1.ltrans.o
 .ARM.attributes
                0x000000ae       0x31 C:\Users\ezonca\AppData\Local\Temp\ccmQUFa7.ltrans2.ltrans.o
 .ARM.attributes
                0x000000df       0x1e c:/program files (x86)/gnu tools arm embedded/__4.9 2015q1/bin/../lib/gcc/arm-none-eabi/4.9.3/armv7e-m\libgcc.a(_lshrdi3.o)
 .ARM.attributes
                0x000000fd       0x21 ./drivers/CMSIS/Device/ST/STM32F3xx/Source/Templates/startup_stm32f302x8.o
 .ARM.attributes
                0x0000011e       0x2e c:/program files (x86)/gnu tools arm embedded/__4.9 2015q1/bin/../lib/gcc/arm-none-eabi/4.9.3/../../../../arm-none-eabi/lib/armv7e-m\libg_nano.a(lib_a-init.o)
 .ARM.attributes
                0x0000014c       0x1e c:/program files (x86)/gnu tools arm embedded/__4.9 2015q1/bin/../lib/gcc/arm-none-eabi/4.9.3/armv7e-m/crtn.o
OUTPUT(canboot-slat.elf elf32-littlearm)

.debug_info     0x00000000     0x424f
 .debug_info    0x00000000     0x1dba C:\Users\ezonca\AppData\Local\Temp\ccmQUFa7.ltrans0.ltrans.o
 .debug_info    0x00001dba     0x16e6 C:\Users\ezonca\AppData\Local\Temp\ccmQUFa7.ltrans1.ltrans.o
 .debug_info    0x000034a0      0xd23 C:\Users\ezonca\AppData\Local\Temp\ccmQUFa7.ltrans2.ltrans.o
 .debug_info    0x000041c3       0x8c ./drivers/CMSIS/Device/ST/STM32F3xx/Source/Templates/startup_stm32f302x8.o

.debug_abbrev   0x00000000      0xafc
 .debug_abbrev  0x00000000      0x43a C:\Users\ezonca\AppData\Local\Temp\ccmQUFa7.ltrans0.ltrans.o
 .debug_abbrev  0x0000043a      0x3ec C:\Users\ezonca\AppData\Local\Temp\ccmQUFa7.ltrans1.ltrans.o
 .debug_abbrev  0x00000826      0x2c4 C:\Users\ezonca\AppData\Local\Temp\ccmQUFa7.ltrans2.ltrans.o
 .debug_abbrev  0x00000aea       0x12 ./drivers/CMSIS/Device/ST/STM32F3xx/Source/Templates/startup_stm32f302x8.o

.debug_loc      0x00000000     0x10b1
 .debug_loc     0x00000000      0x7c4 C:\Users\ezonca\AppData\Local\Temp\ccmQUFa7.ltrans0.ltrans.o
 .debug_loc     0x000007c4      0x67d C:\Users\ezonca\AppData\Local\Temp\ccmQUFa7.ltrans1.ltrans.o
 .debug_loc     0x00000e41      0x270 C:\Users\ezonca\AppData\Local\Temp\ccmQUFa7.ltrans2.ltrans.o

.debug_aranges  0x00000000       0xf8
 .debug_aranges
                0x00000000       0x58 C:\Users\ezonca\AppData\Local\Temp\ccmQUFa7.ltrans0.ltrans.o
 .debug_aranges
                0x00000058       0x38 C:\Users\ezonca\AppData\Local\Temp\ccmQUFa7.ltrans1.ltrans.o
 .debug_aranges
                0x00000090       0x40 C:\Users\ezonca\AppData\Local\Temp\ccmQUFa7.ltrans2.ltrans.o
 .debug_aranges
                0x000000d0       0x28 ./drivers/CMSIS/Device/ST/STM32F3xx/Source/Templates/startup_stm32f302x8.o

.debug_ranges   0x00000000      0x3a0
 .debug_ranges  0x00000000      0x1d0 C:\Users\ezonca\AppData\Local\Temp\ccmQUFa7.ltrans0.ltrans.o
 .debug_ranges  0x000001d0      0x130 C:\Users\ezonca\AppData\Local\Temp\ccmQUFa7.ltrans1.ltrans.o
 .debug_ranges  0x00000300       0x80 C:\Users\ezonca\AppData\Local\Temp\ccmQUFa7.ltrans2.ltrans.o
 .debug_ranges  0x00000380       0x20 ./drivers/CMSIS/Device/ST/STM32F3xx/Source/Templates/startup_stm32f302x8.o

.debug_line     0x00000000     0x1145
 .debug_line    0x00000000      0x7cc C:\Users\ezonca\AppData\Local\Temp\ccmQUFa7.ltrans0.ltrans.o
 .debug_line    0x000007cc      0x551 C:\Users\ezonca\AppData\Local\Temp\ccmQUFa7.ltrans1.ltrans.o
 .debug_line    0x00000d1d      0x37e C:\Users\ezonca\AppData\Local\Temp\ccmQUFa7.ltrans2.ltrans.o
 .debug_line    0x0000109b       0xaa ./drivers/CMSIS/Device/ST/STM32F3xx/Source/Templates/startup_stm32f302x8.o

.debug_str      0x00000000     0x162a
 .debug_str     0x00000000     0x1066 C:\Users\ezonca\AppData\Local\Temp\ccmQUFa7.ltrans0.ltrans.o
                               0x10f3 (size before relaxing)
 .debug_str     0x00001066      0x353 C:\Users\ezonca\AppData\Local\Temp\ccmQUFa7.ltrans1.ltrans.o
                                0xe63 (size before relaxing)
 .debug_str     0x000013b9      0x271 C:\Users\ezonca\AppData\Local\Temp\ccmQUFa7.ltrans2.ltrans.o
                                0xc8f (size before relaxing)

.comment        0x00000000       0x70
 .comment       0x00000000       0x70 C:\Users\ezonca\AppData\Local\Temp\ccmQUFa7.ltrans0.ltrans.o
                                 0x71 (size before relaxing)
 .comment       0x00000000       0x71 C:\Users\ezonca\AppData\Local\Temp\ccmQUFa7.ltrans1.ltrans.o
 .comment       0x00000000       0x71 C:\Users\ezonca\AppData\Local\Temp\ccmQUFa7.ltrans2.ltrans.o

.debug_frame    0x00000000      0x1c8
 .debug_frame   0x00000000       0xa8 C:\Users\ezonca\AppData\Local\Temp\ccmQUFa7.ltrans0.ltrans.o
 .debug_frame   0x000000a8       0x7c C:\Users\ezonca\AppData\Local\Temp\ccmQUFa7.ltrans1.ltrans.o
 .debug_frame   0x00000124       0x78 C:\Users\ezonca\AppData\Local\Temp\ccmQUFa7.ltrans2.ltrans.o
 .debug_frame   0x0000019c       0x2c c:/program files (x86)/gnu tools arm embedded/__4.9 2015q1/bin/../lib/gcc/arm-none-eabi/4.9.3/../../../../arm-none-eabi/lib/armv7e-m\libg_nano.a(lib_a-init.o)
